<?xml version="1.0" encoding="UTF-8"?>
<!DOCTYPE tv SYSTEM "xmltv.dtd">

<tv>
  <programme start="200204201725" stop="200204201800" channel="foo" clumpidx="0/2">
    <title>First in clump</title>
    <category>b</category>
  </programme>
  <programme start="200204201725" stop="200204201800" channel="foo" clumpidx="1/2">
    <title>Second in clump</title>
    <category>g</category>
  </programme>
</tv>
