<?xml version="1.0" encoding="UTF-8"?>
<!DOCTYPE tv SYSTEM "xmltv.dtd">

<tv>
  <programme start="20021004090000 BST" stop="20021004090000 BST" channel="south-east.bbc1.bbc.co.uk" clumpidx="0/2">
    <title lang="en">Kilroy</title>
  </programme>
  <programme start="20021004090000 BST" stop="20021004100000 BST" channel="south-east.bbc1.bbc.co.uk" clumpidx="1/2">
    <title lang="en">BBC News; Weather</title>
    <category lang="en">news</category>
  </programme>
</tv>
