<?xml version="1.0" encoding="UTF-8"?>
<!DOCTYPE tv SYSTEM "xmltv.dtd">

<tv>
  <programme start="20030216000000" channel="0">
    <title>A</title>
  </programme>
  <programme start="20030216003000" stop="20030216003000" channel="0">
    <title>B</title>
  </programme>
  <programme start="20030216000000" stop="20030216001000" channel="0">
    <title>C</title>
  </programme>
</tv>
