<?xml version="1.0" encoding="UTF-8"?>
<!DOCTYPE tv SYSTEM "xmltv.dtd">

<tv>
  <programme start="19990101000000" stop="19990101010000" channel="2">
    <title>A</title>
  </programme>
  <programme start="19990101000000" stop="19990101010000" channel="2">
    <title>C</title>
  </programme>
  <programme start="19990101000000" stop="19990101010000" channel="2">
    <title>B</title>
  </programme>
</tv>
