\documentclass[a4paper]{article}
\usepackage[latin1]{inputenc}
\begin{document}
\sf
\begin{flushleft}
\section*{\sf 08-29 (Wednesday)}
\begin{tabular}{r@{--}lp{0.7\textwidth}r} 
\smallskip
00:05 & 00:30 &
{ \small \raggedright
Attrib Rameau
} & bbc2.bbc.co.uk \\
\end{tabular} \\ 
\end{flushleft}
\end{document}
