\documentclass[a4paper]{article}
\usepackage[latin1]{inputenc}
\begin{document}
\sf
\begin{flushleft}
\section*{\sf 01-01 (Friday)}
\begin{tabular}{r@{--}lp{0.7\textwidth}r} 
\smallskip
00:00 &  &
{ \small \raggedright
A
} & 2 \\
\smallskip
00:00 & 01:00 &
{ \small \raggedright
B
} & 2 \\
\smallskip
00:00 &  &
{ \small \raggedright
C
} & 2 \\
\end{tabular} \\ 
\end{flushleft}
\end{document}
