02-16 (Sunday)

13:00--	On 'before' but not 'after' 13:30.	0
13:00--14:00	On both 'before' and 'after' 13:30.	0
13:30--13:30	On 'before' but not 'after' 13:30.	0
13:00--13:10	Straightforward 'before' but not 'after' 13:30.	0
13:30--14:00	On both 'before' and 'after' 13:30.	0
13:40--14:00	Straightforward 'after' but not 'before' 13:30.	0
